// Jest Snapshot v1, https://goo.gl/fbAQLP

exports[`BorderingCountry matches the snapshot 1`] = `
<div>
  <div
    class="card"
  />
</div>
`;
